#
# There is insufficient memory for the Java Runtime Environment to continue.
# Native memory allocation (malloc) failed to allocate 1048576 bytes. Error detail: AllocateHeap
# Possible reasons:
#   The system is out of physical RAM or swap space
#   This process is running with CompressedOops enabled, and the Java Heap may be blocking the growth of the native heap
# Possible solutions:
#   Reduce memory load on the system
#   Increase physical memory or swap space
#   Check if swap backing store is full
#   Decrease Java heap size (-Xmx/-Xms)
#   Decrease number of Java threads
#   Decrease Java thread stack sizes (-Xss)
#   Set larger code cache with -XX:ReservedCodeCacheSize=
#   JVM is running with Unscaled Compressed Oops mode in which the Java heap is
#     placed in the first 4GB address space. The Java Heap base address is the
#     maximum limit for the native heap growth. Please use -XX:HeapBaseMinAddress
#     to set the Java Heap base and to place the Java Heap above 4GB virtual address.
# This output file may be truncated or incomplete.
#
#  Out of Memory Error (allocation.cpp:44), pid=19896, tid=23652
#
# JRE version: OpenJDK Runtime Environment Temurin-21.0.12.1+1 (21.0.12.1+1) (build 21.0.12.1+1-LTS)
# Java VM: OpenJDK 64-Bit Server VM Temurin-21.0.12.1+1 (21.0.12.1+1-LTS, mixed mode, sharing, tiered, compressed oops, compressed class ptrs, parallel gc, windows-amd64)
# No core dump will be written. Minidumps are not enabled by default on client versions of Windows
#

---------------  S U M M A R Y ------------

Command Line: --add-modules=ALL-SYSTEM --add-opens=java.base/java.util=ALL-UNNAMED --add-opens=java.base/java.lang=ALL-UNNAMED --add-opens=java.base/sun.nio.fs=ALL-UNNAMED -Declipse.application=org.eclipse.jdt.ls.core.id1 -Dosgi.bundles.defaultStartLevel=4 -Declipse.product=org.eclipse.jdt.ls.core.product -Djava.import.generatesMetadataFilesAtProjectRoot=false -Dm2e.project.cache.size=50 -DDetectVMInstallationsJob.disabled=true -Dfile.encoding=utf8 -XX:+UseParallelGC -XX:GCTimeRatio=4 -XX:AdaptiveSizePolicyWeight=90 -Dsun.zip.disableMemoryMapping=true -Xmx2G -Xms100m -Xlog:disable -javaagent:c:\Users\User\.qoder\extensions\redhat.java-1.56.0-win32-x64\lombok\lombok-1.18.39-4050.jar -XX:+HeapDumpOnOutOfMemoryError -XX:HeapDumpPath=c:\Users\User\AppData\Roaming\Qoder\User\workspaceStorage\2136598035e2ac88126f5a9f8d0b0f6f\redhat.java -Daether.dependencyCollector.impl=bf c:\Users\User\.qoder\extensions\redhat.java-1.56.0-win32-x64\server\plugins\org.eclipse.equinox.launcher_1.8.0.v20260804-1928.jar -configuration c:\Users\User\AppData\Roaming\Qoder\User\globalStorage\redhat.java\1.56.0\config_win -data c:\Users\User\AppData\Roaming\Qoder\User\workspaceStorage\2136598035e2ac88126f5a9f8d0b0f6f\redhat.java\jdt_ws --pipe=\\.\pipe\lsp-d846624baabaf6b93a378519ee71f2c9-sock

Host: 11th Gen Intel(R) Core(TM) i5-1135G7 @ 2.40GHz, 8 cores, 15G,  Windows 11 , 64 bit Build 26100 (10.0.26100.9444)
Time: Mon Sep 14 14:08:24 2026 Sri Lanka Standard Time elapsed time: 1348.896054 seconds (0d 0h 22m 28s)

---------------  T H R E A D  ---------------

Current thread (0x000001a4327d9140):  JavaThread "Attach Listener" daemon [_thread_in_vm, id=23652, stack(0x0000004c3a000000,0x0000004c3a100000) (1024K)]

Stack: [0x0000004c3a000000,0x0000004c3a100000]
Native frames: (J=compiled Java code, j=interpreted, Vv=VM code, C=native code)
V  [jvm.dll+0x6d83e9]
V  [jvm.dll+0x8b5736]
V  [jvm.dll+0x8b7cee]
V  [jvm.dll+0x8b83d3]
V  [jvm.dll+0x284596]
V  [jvm.dll+0xc13c7]
V  [jvm.dll+0x6d8c99]
V  [jvm.dll+0x133616]
V  [jvm.dll+0x3f8aae]
V  [jvm.dll+0x8600cd]
V  [jvm.dll+0x6d6c1d]
C  [ucrtbase.dll+0x2cd30]
C  [KERNEL32.DLL+0x2cd87]
C  [ntdll.dll+0xacaec]


---------------  P R O C E S S  ---------------

Threads class SMR info:
_java_thread_list=0x000001a4a0362030, length=42, elements={
0x000001a4328686c0, 0x000001a4327cb690, 0x000001a4327cdbd0, 0x000001a4327d6230,
0x000001a4327d9140, 0x000001a4327e0670, 0x000001a4327ddf10, 0x000001a4327f4180,
0x000001a48bac13b0, 0x000001a4327dd880, 0x000001a4327dffe0, 0x000001a4908ad6c0,
0x000001a4908b04b0, 0x000001a4908add50, 0x000001a4908af790, 0x000001a4908aea70,
0x000001a4908ad030, 0x000001a4908b0b40, 0x000001a4908b32a0, 0x000001a4908b1ef0,
0x000001a4908b3930, 0x000001a493f4c240, 0x000001a493f4b520, 0x000001a493f4a800,
0x000001a493f4bbb0, 0x000001a493f4ae90, 0x000001a493f49450, 0x000001a493f49ae0,
0x000001a493f48dc0, 0x000001a493f4a170, 0x000001a492657bc0, 0x000001a4926588e0,
0x000001a48bd1f060, 0x000001a48bd1e9d0, 0x000001a48bd1fd80, 0x000001a48bd1c900,
0x000001a492659c90, 0x000001a49f7d63f0, 0x000001a49f7d56d0, 0x000001a49f7d6a80,
0x000001a49f7d3600, 0x000001a49f7d9f00
}

Java Threads: ( => current thread )
  0x000001a4328686c0 JavaThread "main"                              [_thread_blocked, id=21048, stack(0x0000004c39900000,0x0000004c39a00000) (1024K)]
  0x000001a4327cb690 JavaThread "Reference Handler"          daemon [_thread_blocked, id=17732, stack(0x0000004c39d00000,0x0000004c39e00000) (1024K)]
  0x000001a4327cdbd0 JavaThread "Finalizer"                  daemon [_thread_blocked, id=13616, stack(0x0000004c39e00000,0x0000004c39f00000) (1024K)]
  0x000001a4327d6230 JavaThread "Signal Dispatcher"          daemon [_thread_blocked, id=20280, stack(0x0000004c39f00000,0x0000004c3a000000) (1024K)]
=>0x000001a4327d9140 JavaThread "Attach Listener"            daemon [_thread_in_vm, id=23652, stack(0x0000004c3a000000,0x0000004c3a100000) (1024K)]
  0x000001a4327e0670 JavaThread "Service Thread"             daemon [_thread_blocked, id=27192, stack(0x0000004c3a100000,0x0000004c3a200000) (1024K)]
  0x000001a4327ddf10 JavaThread "Monitor Deflation Thread"   daemon [_thread_blocked, id=2020, stack(0x0000004c3a200000,0x0000004c3a300000) (1024K)]
  0x000001a4327f4180 JavaThread "C2 CompilerThread0"         daemon [_thread_blocked, id=12212, stack(0x0000004c3a300000,0x0000004c3a400000) (1024K)]
  0x000001a48bac13b0 JavaThread "C1 CompilerThread0"         daemon [_thread_blocked, id=27892, stack(0x0000004c3a400000,0x0000004c3a500000) (1024K)]
  0x000001a4327dd880 JavaThread "Common-Cleaner"             daemon [_thread_blocked, id=13176, stack(0x0000004c3a500000,0x0000004c3a600000) (1024K)]
  0x000001a4327dffe0 JavaThread "Notification Thread"        daemon [_thread_blocked, id=26040, stack(0x0000004c3a600000,0x0000004c3a700000) (1024K)]
  0x000001a4908ad6c0 JavaThread "Active Thread: Equinox Container: 980e8d2d-33da-4a4a-a38b-fb5cdb409b67"        [_thread_blocked, id=26704, stack(0x0000004c3b500000,0x0000004c3b600000) (1024K)]
  0x000001a4908b04b0 JavaThread "Framework Event Dispatcher: Equinox Container: 980e8d2d-33da-4a4a-a38b-fb5cdb409b67" daemon [_thread_blocked, id=2620, stack(0x0000004c3a700000,0x0000004c3a800000) (1024K)]
  0x000001a4908add50 JavaThread "Start Level: Equinox Container: 980e8d2d-33da-4a4a-a38b-fb5cdb409b67" daemon [_thread_blocked, id=20356, stack(0x0000004c3ae00000,0x0000004c3af00000) (1024K)]
  0x000001a4908af790 JavaThread "Bundle File Closer"         daemon [_thread_blocked, id=12240, stack(0x0000004c3b900000,0x0000004c3ba00000) (1024K)]
  0x000001a4908aea70 JavaThread "Refresh Thread: Equinox Container: 980e8d2d-33da-4a4a-a38b-fb5cdb409b67" daemon [_thread_blocked, id=21868, stack(0x0000004c3ba00000,0x0000004c3bb00000) (1024K)]
  0x000001a4908ad030 JavaThread "SCR Component Actor"        daemon [_thread_blocked, id=21008, stack(0x0000004c3b700000,0x0000004c3b800000) (1024K)]
  0x000001a4908b0b40 JavaThread "Worker-JM"                         [_thread_blocked, id=28020, stack(0x0000004c3b800000,0x0000004c3b900000) (1024K)]
  0x000001a4908b32a0 JavaThread "Java indexing"              daemon [_thread_blocked, id=16780, stack(0x0000004c3c100000,0x0000004c3c200000) (1024K)]
  0x000001a4908b1ef0 JavaThread "JNA Cleaner"                daemon [_thread_blocked, id=16376, stack(0x0000004c3c400000,0x0000004c3c500000) (1024K)]
  0x000001a4908b3930 JavaThread "Thread-1"                   daemon [_thread_in_native, id=21744, stack(0x0000004c3c900000,0x0000004c3ca00000) (1024K)]
  0x000001a493f4c240 JavaThread "Thread-2"                   daemon [_thread_in_native, id=7148, stack(0x0000004c3ca00000,0x0000004c3cb00000) (1024K)]
  0x000001a493f4b520 JavaThread "Thread-3"                   daemon [_thread_in_native, id=21968, stack(0x0000004c3cb00000,0x0000004c3cc00000) (1024K)]
  0x000001a493f4a800 JavaThread "Thread-4"                   daemon [_thread_in_native, id=12392, stack(0x0000004c3cc00000,0x0000004c3cd00000) (1024K)]
  0x000001a493f4bbb0 JavaThread "Thread-5"                   daemon [_thread_in_native, id=20248, stack(0x0000004c3cd00000,0x0000004c3ce00000) (1024K)]
  0x000001a493f4ae90 JavaThread "Thread-6"                   daemon [_thread_in_native, id=27376, stack(0x0000004c3ce00000,0x0000004c3cf00000) (1024K)]
  0x000001a493f49450 JavaThread "Thread-7"                   daemon [_thread_in_native, id=27076, stack(0x0000004c3cf00000,0x0000004c3d000000) (1024K)]
  0x000001a493f49ae0 JavaThread "Thread-8"                   daemon [_thread_in_native, id=25260, stack(0x0000004c3d000000,0x0000004c3d100000) (1024K)]
  0x000001a493f48dc0 JavaThread "Thread-9"                   daemon [_thread_in_native, id=28440, stack(0x0000004c3d100000,0x0000004c3d200000) (1024K)]
  0x000001a493f4a170 JavaThread "pool-2-thread-1"                   [_thread_blocked, id=5144, stack(0x0000004c3d200000,0x0000004c3d300000) (1024K)]
  0x000001a492657bc0 JavaThread "WorkspaceEventsHandler"            [_thread_blocked, id=15592, stack(0x0000004c3d300000,0x0000004c3d400000) (1024K)]
  0x000001a4926588e0 JavaThread "pool-1-thread-1"                   [_thread_blocked, id=23112, stack(0x0000004c3d400000,0x0000004c3d500000) (1024K)]
  0x000001a48bd1f060 JavaThread "PatternSearchJob-worker-3"  daemon [_thread_blocked, id=12484, stack(0x0000004c39700000,0x0000004c39800000) (1024K)]
  0x000001a48bd1e9d0 JavaThread "PatternSearchJob-worker-4"  daemon [_thread_blocked, id=26880, stack(0x0000004c39800000,0x0000004c39900000) (1024K)]
  0x000001a48bd1fd80 JavaThread "PatternSearchJob-worker-5"  daemon [_thread_blocked, id=7508, stack(0x0000004c3b200000,0x0000004c3b300000) (1024K)]
  0x000001a48bd1c900 JavaThread "PatternSearchJob-worker-6"  daemon [_thread_blocked, id=5548, stack(0x0000004c3b300000,0x0000004c3b400000) (1024K)]
  0x000001a492659c90 JavaThread "Cleaner-0"                  daemon [_thread_blocked, id=10848, stack(0x0000004c3c600000,0x0000004c3c700000) (1024K)]
  0x000001a49f7d63f0 JavaThread "Worker-7"                          [_thread_blocked, id=26652, stack(0x0000004c3bf00000,0x0000004c3c000000) (1024K)]
  0x000001a49f7d56d0 JavaThread "Compiler Source File Reader" daemon [_thread_blocked, id=11192, stack(0x0000004c3b000000,0x0000004c3b100000) (1024K)]
  0x000001a49f7d6a80 JavaThread "Worker-9"                          [_thread_blocked, id=18080, stack(0x0000004c3bb00000,0x0000004c3bc00000) (1024K)]
  0x000001a49f7d3600 JavaThread "Compiler Source File Reader" daemon [_thread_blocked, id=20372, stack(0x0000004c3b400000,0x0000004c3b500000) (1024K)]
  0x000001a49f7d9f00 JavaThread "ForkJoinPool.commonPool-worker-11" daemon [_thread_blocked, id=29312, stack(0x0000004c3bc00000,0x0000004c3bd00000) (1024K)]
Total: 42

Other Threads:
  0x000001a4327c35f0 VMThread "VM Thread"                           [id=23296, stack(0x0000004c39c00000,0x0000004c39d00000) (1024K)]
  0x000001a4328ca840 WatcherThread "VM Periodic Task Thread"        [id=3852, stack(0x0000004c39b00000,0x0000004c39c00000) (1024K)]
  0x000001a43287d920 WorkerThread "GC Thread#0"                     [id=18552, stack(0x0000004c39a00000,0x0000004c39b00000) (1024K)]
  0x000001a49088fd70 WorkerThread "GC Thread#1"                     [id=12304, stack(0x0000004c3a800000,0x0000004c3a900000) (1024K)]
  0x000001a490890120 WorkerThread "GC Thread#2"                     [id=27988, stack(0x0000004c3a900000,0x0000004c3aa00000) (1024K)]
  0x000001a4908904d0 WorkerThread "GC Thread#3"                     [id=28180, stack(0x0000004c3aa00000,0x0000004c3ab00000) (1024K)]
  0x000001a490890880 WorkerThread "GC Thread#4"                     [id=20924, stack(0x0000004c3ab00000,0x0000004c3ac00000) (1024K)]
  0x000001a49047ef10 WorkerThread "GC Thread#5"                     [id=16772, stack(0x0000004c3ac00000,0x0000004c3ad00000) (1024K)]
  0x000001a49047f6c0 WorkerThread "GC Thread#6"                     [id=11108, stack(0x0000004c3ad00000,0x0000004c3ae00000) (1024K)]
  0x000001a49088cc00 WorkerThread "GC Thread#7"                     [id=13624, stack(0x0000004c3b600000,0x0000004c3b700000) (1024K)]
Total: 10

Threads with active compile tasks:
Total: 0

VM state: not at safepoint (normal execution)

VM Mutex/Monitor currently owned by a thread: None

Heap address: 0x0000000080000000, size: 2048 MB, Compressed Oops mode: 32-bit

CDS archive(s) mapped at: [0x000001a44a000000-0x000001a44aba0000-0x000001a44aba0000), size 12189696, SharedBaseAddress: 0x000001a44a000000, ArchiveRelocationMode: 1.
Compressed class space mapped at: 0x000001a44b000000-0x000001a48b000000, reserved size: 1073741824
Narrow klass base: 0x000001a44a000000, Narrow klass shift: 0, Narrow klass range: 0x100000000

GC Precious Log:
 CardTable entry size: 512
 CPUs: 8 total, 8 available
 Memory: 16078M
 Large Page Support: Disabled
 NUMA Support: Disabled
 Compressed Oops: Enabled (32-bit)
 Alignments: Space 512K, Generation 512K, Heap 2M
 Heap Min Capacity: 100M
 Heap Initial Capacity: 100M
 Heap Max Capacity: 2G
 Pre-touch: Disabled
 Parallel Workers: 8

Heap:
 PSYoungGen      total 4096K, used 1801K [0x00000000d5580000, 0x00000000d5b80000, 0x0000000100000000)
  eden space 2560K, 57% used [0x00000000d5580000,0x00000000d56f27e0,0x00000000d5800000)
  from space 1536K, 20% used [0x00000000d5900000,0x00000000d5950000,0x00000000d5a80000)
  to   space 1024K, 0% used [0x00000000d5a80000,0x00000000d5a80000,0x00000000d5b80000)
 ParOldGen       total 1027584K, used 1027453K [0x0000000080000000, 0x00000000beb80000, 0x00000000d5580000)
  object space 1027584K, 99% used [0x0000000080000000,0x00000000beb5f790,0x00000000beb80000)
 Metaspace       used 83653K, committed 85312K, reserved 1179648K
  class space    used 8479K, committed 9216K, reserved 1048576K

Card table byte_map: [0x000001a4321f0000,0x000001a432600000] _byte_map_base: 0x000001a431df0000

Marking Bits: (ParMarkBitMap*) 0x00007ffb826444a0
 Begin Bits: [0x000001a444d00000, 0x000001a446d00000)
 End Bits:   [0x000001a446d00000, 0x000001a448d00000)

Polling page: 0x000001a430620000

Metaspace:

Usage:
  Non-class:     73.41 MB used.
      Class:      8.28 MB used.
       Both:     81.69 MB used.

Virtual space:
  Non-class space:      128.00 MB reserved,      74.31 MB ( 58%) committed,  2 nodes.
      Class space:        1.00 GB reserved,       9.00 MB ( <1%) committed,  1 nodes.
             Both:        1.12 GB reserved,      83.31 MB (  7%) committed. 

Chunk freelists:
   Non-Class:  5.56 MB
       Class:  6.97 MB
        Both:  12.53 MB

MaxMetaspaceSize: unlimited
CompressedClassSpaceSize: 1.00 GB
Initial GC threshold: 21.00 MB
Current GC threshold: 125.75 MB
CDS: on
 - commit_granule_bytes: 65536.
 - commit_granule_words: 8192.
 - virtual_space_node_default_size: 8388608.
 - enlarge_chunks_in_place: 1.
 - use_allocation_guard: 0.


Internal statistics:

num_allocs_failed_limit: 9.
num_arena_births: 1518.
num_arena_deaths: 18.
num_vsnodes_births: 3.
num_vsnodes_deaths: 0.
num_space_committed: 1333.
num_space_uncommitted: 0.
num_chunks_returned_to_freelist: 29.
num_chunks_taken_from_freelist: 5459.
num_chunk_merges: 12.
num_chunk_splits: 3312.
num_chunks_enlarged: 1857.
num_inconsistent_stats: 0.

CodeHeap 'non-profiled nmethods': size=120000Kb used=19721Kb max_used=19721Kb free=100278Kb
 bounds [0x000001a43d520000, 0x000001a43e870000, 0x000001a444a50000]
CodeHeap 'profiled nmethods': size=120000Kb used=49017Kb max_used=49017Kb free=70982Kb
 bounds [0x000001a435a50000, 0x000001a438a30000, 0x000001a43cf80000]
CodeHeap 'non-nmethods': size=5760Kb used=1525Kb max_used=1599Kb free=4234Kb
 bounds [0x000001a43cf80000, 0x000001a43d1f0000, 0x000001a43d520000]
CodeCache: size=245760Kb, used=70263Kb, max_used=70337Kb, free=175494Kb
 total_blobs=20458, nmethods=19621, adapters=739, full_count=0
Compilation: enabled, stopped_count=0, restarted_count=0

Compilation events (20 events):
Event: 1244.100 Thread 0x000001a48bac13b0 nmethod 21583 0x000001a438a1d590 code [0x000001a438a1d740, 0x000001a438a1d918]
Event: 1244.103 Thread 0x000001a48bac13b0 21585   !   3       org.eclipse.jdt.internal.compiler.parser.Scanner::getNextToken0 (3068 bytes)
Event: 1244.113 Thread 0x000001a48bac13b0 nmethod 21585 0x000001a438a1da10 code [0x000001a438a1e6e0, 0x000001a438a26218]
Event: 1244.113 Thread 0x000001a48bac13b0 21586       3       org.eclipse.jdt.internal.compiler.ast.CompilationUnitDeclaration::cleanUp (213 bytes)
Event: 1244.114 Thread 0x000001a48bac13b0 nmethod 21586 0x000001a438a29290 code [0x000001a438a29560, 0x000001a438a2a590]
Event: 1244.114 Thread 0x000001a48bac13b0 21587       3       org.eclipse.jdt.internal.compiler.ast.CompilationUnitDeclaration::cleanUp (81 bytes)
Event: 1244.115 Thread 0x000001a48bac13b0 nmethod 21587 0x000001a438a2ab10 code [0x000001a438a2ad00, 0x000001a438a2b358]
Event: 1244.285 Thread 0x000001a4327f4180 nmethod 21577 0x000001a43e844110 code [0x000001a43e8449a0, 0x000001a43e84b840]
Event: 1244.285 Thread 0x000001a4327f4180 21578       4       org.eclipse.jdt.internal.compiler.parser.Parser::consumeRule (7843 bytes)
Event: 1244.370 Thread 0x000001a4327f4180 nmethod 21578 0x000001a43e84ff10 code [0x000001a43e853e40, 0x000001a43e859cf0]
Event: 1244.371 Thread 0x000001a4327f4180 21579       4       org.eclipse.jdt.internal.compiler.lookup.BinaryModuleBinding::resolvePackages (231 bytes)
Event: 1244.379 Thread 0x000001a4327f4180 nmethod 21579 0x000001a43e861390 code [0x000001a43e8615e0, 0x000001a43e861e38]
Event: 1292.187 Thread 0x000001a48bac13b0 21588       1       org.eclipse.jdt.ls.core.internal.LanguageServerApplication::getParentProcessId (5 bytes)
Event: 1292.187 Thread 0x000001a48bac13b0 nmethod 21588 0x000001a43e862410 code [0x000001a43e8625a0, 0x000001a43e862668]
Event: 1332.231 Thread 0x000001a48bac13b0 21590   !   3       java.util.concurrent.ScheduledThreadPoolExecutor$DelayedWorkQueue::take (203 bytes)
Event: 1332.233 Thread 0x000001a48bac13b0 nmethod 21590 0x000001a438a2b610 code [0x000001a438a2b9e0, 0x000001a438a2d280]
Event: 1332.233 Thread 0x000001a48bac13b0 21589       3       java.util.concurrent.ScheduledThreadPoolExecutor$DelayedWorkQueue::take (5 bytes)
Event: 1332.233 Thread 0x000001a48bac13b0 nmethod 21589 0x000001a438a2dd90 code [0x000001a438a2df40, 0x000001a438a2e098]
Event: 1342.236 Thread 0x000001a48bac13b0 21591       3       java.util.concurrent.ThreadPoolExecutor::ensurePrestart (41 bytes)
Event: 1342.236 Thread 0x000001a48bac13b0 nmethod 21591 0x000001a438a2e190 code [0x000001a438a2e360, 0x000001a438a2e610]

GC Heap History (20 events):
Event: 1214.354 GC heap before
{Heap before GC invocations=2248 (full 4):
 PSYoungGen      total 5120K, used 5088K [0x00000000d5580000, 0x00000000d5c80000, 0x0000000100000000)
  eden space 4608K, 100% used [0x00000000d5580000,0x00000000d5a00000,0x00000000d5a00000)
  from space 512K, 93% used [0x00000000d5a00000,0x00000000d5a78000,0x00000000d5a80000)
  to   space 1024K, 0% used [0x00000000d5b80000,0x00000000d5b80000,0x00000000d5c80000)
 ParOldGen       total 1017856K, used 1017707K [0x0000000080000000, 0x00000000be200000, 0x00000000d5580000)
  object space 1017856K, 99% used [0x0000000080000000,0x00000000be1dad08,0x00000000be200000)
 Metaspace       used 83267K, committed 84928K, reserved 1179648K
  class space    used 8425K, committed 9152K, reserved 1048576K
}
Event: 1214.357 GC heap after
{Heap after GC invocations=2248 (full 4):
 PSYoungGen      total 5120K, used 496K [0x00000000d5580000, 0x00000000d5c00000, 0x0000000100000000)
  eden space 4608K, 0% used [0x00000000d5580000,0x00000000d5580000,0x00000000d5a00000)
  from space 512K, 96% used [0x00000000d5b80000,0x00000000d5bfc010,0x00000000d5c00000)
  to   space 1024K, 0% used [0x00000000d5a00000,0x00000000d5a00000,0x00000000d5b00000)
 ParOldGen       total 1018368K, used 1018111K [0x0000000080000000, 0x00000000be280000, 0x00000000d5580000)
  object space 1018368K, 99% used [0x0000000080000000,0x00000000be23fd38,0x00000000be280000)
 Metaspace       used 83267K, committed 84928K, reserved 1179648K
  class space    used 8425K, committed 9152K, reserved 1048576K
}
Event: 1214.371 GC heap before
{Heap before GC invocations=2249 (full 4):
 PSYoungGen      total 5120K, used 5104K [0x00000000d5580000, 0x00000000d5c00000, 0x0000000100000000)
  eden space 4608K, 100% used [0x00000000d5580000,0x00000000d5a00000,0x00000000d5a00000)
  from space 512K, 96% used [0x00000000d5b80000,0x00000000d5bfc010,0x00000000d5c00000)
  to   space 1024K, 0% used [0x00000000d5a00000,0x00000000d5a00000,0x00000000d5b00000)
 ParOldGen       total 1018368K, used 1018111K [0x0000000080000000, 0x00000000be280000, 0x00000000d5580000)
  object space 1018368K, 99% used [0x0000000080000000,0x00000000be23fd38,0x00000000be280000)
 Metaspace       used 83267K, committed 84928K, reserved 1179648K
  class space    used 8425K, committed 9152K, reserved 1048576K
}
Event: 1214.374 GC heap after
{Heap after GC invocations=2249 (full 4):
 PSYoungGen      total 5632K, used 544K [0x00000000d5580000, 0x00000000d5c00000, 0x0000000100000000)
  eden space 4608K, 0% used [0x00000000d5580000,0x00000000d5580000,0x00000000d5a00000)
  from space 1024K, 53% used [0x00000000d5a00000,0x00000000d5a88020,0x00000000d5b00000)
  to   space 1024K, 0% used [0x00000000d5b00000,0x00000000d5b00000,0x00000000d5c00000)
 ParOldGen       total 1018880K, used 1018455K [0x0000000080000000, 0x00000000be300000, 0x00000000d5580000)
  object space 1018880K, 99% used [0x0000000080000000,0x00000000be295d58,0x00000000be300000)
 Metaspace       used 83267K, committed 84928K, reserved 1179648K
  class space    used 8425K, committed 9152K, reserved 1048576K
}
Event: 1214.387 GC heap before
{Heap before GC invocations=2250 (full 4):
 PSYoungGen      total 5632K, used 5152K [0x00000000d5580000, 0x00000000d5c00000, 0x0000000100000000)
  eden space 4608K, 100% used [0x00000000d5580000,0x00000000d5a00000,0x00000000d5a00000)
  from space 1024K, 53% used [0x00000000d5a00000,0x00000000d5a88020,0x00000000d5b00000)
  to   space 1024K, 0% used [0x00000000d5b00000,0x00000000d5b00000,0x00000000d5c00000)
 ParOldGen       total 1018880K, used 1018455K [0x0000000080000000, 0x00000000be300000, 0x00000000d5580000)
  object space 1018880K, 99% used [0x0000000080000000,0x00000000be295d58,0x00000000be300000)
 Metaspace       used 83267K, committed 84928K, reserved 1179648K
  class space    used 8425K, committed 9152K, reserved 1048576K
}
Event: 1214.390 GC heap after
{Heap after GC invocations=2250 (full 4):
 PSYoungGen      total 5120K, used 480K [0x00000000d5580000, 0x00000000d5b80000, 0x0000000100000000)
  eden space 4608K, 0% used [0x00000000d5580000,0x00000000d5580000,0x00000000d5a00000)
  from space 512K, 93% used [0x00000000d5b00000,0x00000000d5b78000,0x00000000d5b80000)
  to   space 512K, 0% used [0x00000000d5a80000,0x00000000d5a80000,0x00000000d5b00000)
 ParOldGen       total 1018880K, used 1018867K [0x0000000080000000, 0x00000000be300000, 0x00000000d5580000)
  object space 1018880K, 99% used [0x0000000080000000,0x00000000be2fcdc8,0x00000000be300000)
 Metaspace       used 83267K, committed 84928K, reserved 1179648K
  class space    used 8425K, committed 9152K, reserved 1048576K
}
Event: 1214.410 GC heap before
{Heap before GC invocations=2251 (full 4):
 PSYoungGen      total 5120K, used 5088K [0x00000000d5580000, 0x00000000d5b80000, 0x0000000100000000)
  eden space 4608K, 100% used [0x00000000d5580000,0x00000000d5a00000,0x00000000d5a00000)
  from space 512K, 93% used [0x00000000d5b00000,0x00000000d5b78000,0x00000000d5b80000)
  to   space 512K, 0% used [0x00000000d5a80000,0x00000000d5a80000,0x00000000d5b00000)
 ParOldGen       total 1018880K, used 1018867K [0x0000000080000000, 0x00000000be300000, 0x00000000d5580000)
  object space 1018880K, 99% used [0x0000000080000000,0x00000000be2fcdc8,0x00000000be300000)
 Metaspace       used 83280K, committed 84928K, reserved 1179648K
  class space    used 8425K, committed 9152K, reserved 1048576K
}
Event: 1214.413 GC heap after
{Heap after GC invocations=2251 (full 4):
 PSYoungGen      total 5120K, used 512K [0x00000000d5580000, 0x00000000d5c00000, 0x0000000100000000)
  eden space 4608K, 0% used [0x00000000d5580000,0x00000000d5580000,0x00000000d5a00000)
  from space 512K, 100% used [0x00000000d5a80000,0x00000000d5b00000,0x00000000d5b00000)
  to   space 1024K, 0% used [0x00000000d5b00000,0x00000000d5b00000,0x00000000d5c00000)
 ParOldGen       total 1019392K, used 1019235K [0x0000000080000000, 0x00000000be380000, 0x00000000d5580000)
  object space 1019392K, 99% used [0x0000000080000000,0x00000000be358e28,0x00000000be380000)
 Metaspace       used 83280K, committed 84928K, reserved 1179648K
  class space    used 8425K, committed 9152K, reserved 1048576K
}
Event: 1243.990 GC heap before
{Heap before GC invocations=2252 (full 4):
 PSYoungGen      total 5120K, used 5108K [0x00000000d5580000, 0x00000000d5c00000, 0x0000000100000000)
  eden space 4608K, 99% used [0x00000000d5580000,0x00000000d59fd018,0x00000000d5a00000)
  from space 512K, 100% used [0x00000000d5a80000,0x00000000d5b00000,0x00000000d5b00000)
  to   space 1024K, 0% used [0x00000000d5b00000,0x00000000d5b00000,0x00000000d5c00000)
 ParOldGen       total 1019392K, used 1019235K [0x0000000080000000, 0x00000000be380000, 0x00000000d5580000)
  object space 1019392K, 99% used [0x0000000080000000,0x00000000be358e28,0x00000000be380000)
 Metaspace       used 83404K, committed 84992K, reserved 1179648K
  class space    used 8440K, committed 9152K, reserved 1048576K
}
Event: 1243.993 GC heap after
{Heap after GC invocations=2252 (full 4):
 PSYoungGen      total 5632K, used 674K [0x00000000d5580000, 0x00000000d5c00000, 0x0000000100000000)
  eden space 4608K, 0% used [0x00000000d5580000,0x00000000d5580000,0x00000000d5a00000)
  from space 1024K, 65% used [0x00000000d5b00000,0x00000000d5ba88e0,0x00000000d5c00000)
  to   space 1024K, 0% used [0x00000000d5a00000,0x00000000d5a00000,0x00000000d5b00000)
 ParOldGen       total 1019904K, used 1019615K [0x0000000080000000, 0x00000000be400000, 0x00000000d5580000)
  object space 1019904K, 99% used [0x0000000080000000,0x00000000be3b7e78,0x00000000be400000)
 Metaspace       used 83404K, committed 84992K, reserved 1179648K
  class space    used 8440K, committed 9152K, reserved 1048576K
}
Event: 1244.026 GC heap before
{Heap before GC invocations=2253 (full 4):
 PSYoungGen      total 5632K, used 5282K [0x00000000d5580000, 0x00000000d5c00000, 0x0000000100000000)
  eden space 4608K, 100% used [0x00000000d5580000,0x00000000d5a00000,0x00000000d5a00000)
  from space 1024K, 65% used [0x00000000d5b00000,0x00000000d5ba88e0,0x00000000d5c00000)
  to   space 1024K, 0% used [0x00000000d5a00000,0x00000000d5a00000,0x00000000d5b00000)
 ParOldGen       total 1019904K, used 1019615K [0x0000000080000000, 0x00000000be400000, 0x00000000d5580000)
  object space 1019904K, 99% used [0x0000000080000000,0x00000000be3b7e78,0x00000000be400000)
 Metaspace       used 83570K, committed 85248K, reserved 1179648K
  class space    used 8459K, committed 9216K, reserved 1048576K
}
Event: 1244.029 GC heap after
{Heap after GC invocations=2253 (full 4):
 PSYoungGen      total 5632K, used 1014K [0x00000000d5580000, 0x00000000d6000000, 0x0000000100000000)
  eden space 4608K, 0% used [0x00000000d5580000,0x00000000d5580000,0x00000000d5a00000)
  from space 1024K, 99% used [0x00000000d5a00000,0x00000000d5afdb98,0x00000000d5b00000)
  to   space 3072K, 0% used [0x00000000d5d00000,0x00000000d5d00000,0x00000000d6000000)
 ParOldGen       total 1021440K, used 1021098K [0x0000000080000000, 0x00000000be580000, 0x00000000d5580000)
  object space 1021440K, 99% used [0x0000000080000000,0x00000000be52aa08,0x00000000be580000)
 Metaspace       used 83570K, committed 85248K, reserved 1179648K
  class space    used 8459K, committed 9216K, reserved 1048576K
}
Event: 1244.047 GC heap before
{Heap before GC invocations=2254 (full 4):
 PSYoungGen      total 5632K, used 5622K [0x00000000d5580000, 0x00000000d6000000, 0x0000000100000000)
  eden space 4608K, 100% used [0x00000000d5580000,0x00000000d5a00000,0x00000000d5a00000)
  from space 1024K, 99% used [0x00000000d5a00000,0x00000000d5afdb98,0x00000000d5b00000)
  to   space 3072K, 0% used [0x00000000d5d00000,0x00000000d5d00000,0x00000000d6000000)
 ParOldGen       total 1021440K, used 1021098K [0x0000000080000000, 0x00000000be580000, 0x00000000d5580000)
  object space 1021440K, 99% used [0x0000000080000000,0x00000000be52aa08,0x00000000be580000)
 Metaspace       used 83570K, committed 85248K, reserved 1179648K
  class space    used 8459K, committed 9216K, reserved 1048576K
}
Event: 1244.050 GC heap after
{Heap after GC invocations=2254 (full 4):
 PSYoungGen      total 5120K, used 3064K [0x00000000d5580000, 0x00000000d6500000, 0x0000000100000000)
  eden space 2048K, 0% used [0x00000000d5580000,0x00000000d5580000,0x00000000d5780000)
  from space 3072K, 99% used [0x00000000d5d00000,0x00000000d5ffe0c0,0x00000000d6000000)
  to   space 5632K, 0% used [0x00000000d5780000,0x00000000d5780000,0x00000000d5d00000)
 ParOldGen       total 1022976K, used 1022869K [0x0000000080000000, 0x00000000be700000, 0x00000000d5580000)
  object space 1022976K, 99% used [0x0000000080000000,0x00000000be6e5598,0x00000000be700000)
 Metaspace       used 83570K, committed 85248K, reserved 1179648K
  class space    used 8459K, committed 9216K, reserved 1048576K
}
Event: 1244.074 GC heap before
{Heap before GC invocations=2255 (full 4):
 PSYoungGen      total 5120K, used 5112K [0x00000000d5580000, 0x00000000d6500000, 0x0000000100000000)
  eden space 2048K, 100% used [0x00000000d5580000,0x00000000d5780000,0x00000000d5780000)
  from space 3072K, 99% used [0x00000000d5d00000,0x00000000d5ffe0c0,0x00000000d6000000)
  to   space 5632K, 0% used [0x00000000d5780000,0x00000000d5780000,0x00000000d5d00000)
 ParOldGen       total 1022976K, used 1022869K [0x0000000080000000, 0x00000000be700000, 0x00000000d5580000)
  object space 1022976K, 99% used [0x0000000080000000,0x00000000be6e5598,0x00000000be700000)
 Metaspace       used 83638K, committed 85248K, reserved 1179648K
  class space    used 8479K, committed 9216K, reserved 1048576K
}
Event: 1244.078 GC heap after
{Heap after GC invocations=2255 (full 4):
 PSYoungGen      total 3584K, used 1249K [0x00000000d5580000, 0x00000000d5d80000, 0x0000000100000000)
  eden space 2048K, 0% used [0x00000000d5580000,0x00000000d5580000,0x00000000d5780000)
  from space 1536K, 81% used [0x00000000d5780000,0x00000000d58b8418,0x00000000d5900000)
  to   space 2560K, 0% used [0x00000000d5b00000,0x00000000d5b00000,0x00000000d5d80000)
 ParOldGen       total 1026048K, used 1025895K [0x0000000080000000, 0x00000000bea00000, 0x00000000d5580000)
  object space 1026048K, 99% used [0x0000000080000000,0x00000000be9d9f80,0x00000000bea00000)
 Metaspace       used 83638K, committed 85248K, reserved 1179648K
  class space    used 8479K, committed 9216K, reserved 1048576K
}
Event: 1244.084 GC heap before
{Heap before GC invocations=2256 (full 4):
 PSYoungGen      total 3584K, used 3282K [0x00000000d5580000, 0x00000000d5d80000, 0x0000000100000000)
  eden space 2048K, 99% used [0x00000000d5580000,0x00000000d577c448,0x00000000d5780000)
  from space 1536K, 81% used [0x00000000d5780000,0x00000000d58b8418,0x00000000d5900000)
  to   space 2560K, 0% used [0x00000000d5b00000,0x00000000d5b00000,0x00000000d5d80000)
 ParOldGen       total 1026048K, used 1025895K [0x0000000080000000, 0x00000000bea00000, 0x00000000d5580000)
  object space 1026048K, 99% used [0x0000000080000000,0x00000000be9d9f80,0x00000000bea00000)
 Metaspace       used 83639K, committed 85248K, reserved 1179648K
  class space    used 8479K, committed 9216K, reserved 1048576K
}
Event: 1244.088 GC heap after
{Heap after GC invocations=2256 (full 4):
 PSYoungGen      total 3072K, used 672K [0x00000000d5580000, 0x00000000d5c00000, 0x0000000100000000)
  eden space 2048K, 0% used [0x00000000d5580000,0x00000000d5580000,0x00000000d5780000)
  from space 1024K, 65% used [0x00000000d5b00000,0x00000000d5ba8010,0x00000000d5c00000)
  to   space 1536K, 0% used [0x00000000d5900000,0x00000000d5900000,0x00000000d5a80000)
 ParOldGen       total 1027584K, used 1027085K [0x0000000080000000, 0x00000000beb80000, 0x00000000d5580000)
  object space 1027584K, 99% used [0x0000000080000000,0x00000000beb03790,0x00000000beb80000)
 Metaspace       used 83639K, committed 85248K, reserved 1179648K
  class space    used 8479K, committed 9216K, reserved 1048576K
}
Event: 1244.092 GC heap before
{Heap before GC invocations=2257 (full 4):
 PSYoungGen      total 3072K, used 2720K [0x00000000d5580000, 0x00000000d5c00000, 0x0000000100000000)
  eden space 2048K, 100% used [0x00000000d5580000,0x00000000d5780000,0x00000000d5780000)
  from space 1024K, 65% used [0x00000000d5b00000,0x00000000d5ba8010,0x00000000d5c00000)
  to   space 1536K, 0% used [0x00000000d5900000,0x00000000d5900000,0x00000000d5a80000)
 ParOldGen       total 1027584K, used 1027085K [0x0000000080000000, 0x00000000beb80000, 0x00000000d5580000)
  object space 1027584K, 99% used [0x0000000080000000,0x00000000beb03790,0x00000000beb80000)
 Metaspace       used 83639K, committed 85248K, reserved 1179648K
  class space    used 8479K, committed 9216K, reserved 1048576K
}
Event: 1244.094 GC heap after
{Heap after GC invocations=2257 (full 4):
 PSYoungGen      total 4096K, used 320K [0x00000000d5580000, 0x00000000d5b80000, 0x0000000100000000)
  eden space 2560K, 0% used [0x00000000d5580000,0x00000000d5580000,0x00000000d5800000)
  from space 1536K, 20% used [0x00000000d5900000,0x00000000d5950000,0x00000000d5a80000)
  to   space 1024K, 0% used [0x00000000d5a80000,0x00000000d5a80000,0x00000000d5b80000)
 ParOldGen       total 1027584K, used 1027453K [0x0000000080000000, 0x00000000beb80000, 0x00000000d5580000)
  object space 1027584K, 99% used [0x0000000080000000,0x00000000beb5f790,0x00000000beb80000)
 Metaspace       used 83639K, committed 85248K, reserved 1179648K
  class space    used 8479K, committed 9216K, reserved 1048576K
}

Dll operation events (20 events):
Event: 0.362 Attempting to load shared library C:\Users\User\.qoder\extensions\redhat.java-1.56.0-win32-x64\jre\21.0.12.1-win32-x86_64\bin\nio.dll
Event: 0.362 Loaded shared library C:\Users\User\.qoder\extensions\redhat.java-1.56.0-win32-x64\jre\21.0.12.1-win32-x86_64\bin\nio.dll
Event: 0.366 Attempting to load shared library C:\Users\User\.qoder\extensions\redhat.java-1.56.0-win32-x64\jre\21.0.12.1-win32-x86_64\bin\zip.dll
Event: 0.366 Loaded shared library C:\Users\User\.qoder\extensions\redhat.java-1.56.0-win32-x64\jre\21.0.12.1-win32-x86_64\bin\zip.dll
Event: 0.406 Attempting to load shared library C:\Users\User\.qoder\extensions\redhat.java-1.56.0-win32-x64\jre\21.0.12.1-win32-x86_64\bin\jimage.dll
Event: 0.406 Loaded shared library C:\Users\User\.qoder\extensions\redhat.java-1.56.0-win32-x64\jre\21.0.12.1-win32-x86_64\bin\jimage.dll
Event: 0.616 Attempting to load shared library c:\Users\User\.qoder\extensions\redhat.java-1.56.0-win32-x64\jre\21.0.12.1-win32-x86_64\bin\verify.dll
Event: 0.617 Loaded shared library c:\Users\User\.qoder\extensions\redhat.java-1.56.0-win32-x64\jre\21.0.12.1-win32-x86_64\bin\verify.dll
Event: 4.676 Attempting to load shared library C:\Users\User\AppData\Roaming\Qoder\User\globalStorage\redhat.java\1.56.0\config_win\org.eclipse.equinox.launcher\org.eclipse.equinox.launcher.win32.win32.x86_64_1.3.100.v20260804-1928\eclipse_11924.dll
Event: 4.679 Loaded shared library C:\Users\User\AppData\Roaming\Qoder\User\globalStorage\redhat.java\1.56.0\config_win\org.eclipse.equinox.launcher\org.eclipse.equinox.launcher.win32.win32.x86_64_1.3.100.v20260804-1928\eclipse_11924.dll
Event: 8.451 Attempting to load shared library C:\Users\User\.qoder\extensions\redhat.java-1.56.0-win32-x64\jre\21.0.12.1-win32-x86_64\bin\management.dll
Event: 8.452 Loaded shared library C:\Users\User\.qoder\extensions\redhat.java-1.56.0-win32-x64\jre\21.0.12.1-win32-x86_64\bin\management.dll
Event: 8.454 Attempting to load shared library C:\Users\User\.qoder\extensions\redhat.java-1.56.0-win32-x64\jre\21.0.12.1-win32-x86_64\bin\management_ext.dll
Event: 8.454 Loaded shared library C:\Users\User\.qoder\extensions\redhat.java-1.56.0-win32-x64\jre\21.0.12.1-win32-x86_64\bin\management_ext.dll
Event: 10.910 Attempting to load shared library C:\Users\User\AppData\Local\Temp\jna-2645995\jna16887514979564653787.dll
Event: 10.941 Loaded shared library C:\Users\User\AppData\Local\Temp\jna-2645995\jna16887514979564653787.dll
Event: 11.122 Attempting to load shared library C:\Users\User\.qoder\extensions\redhat.java-1.56.0-win32-x64\jre\21.0.12.1-win32-x86_64\bin\sunmscapi.dll
Event: 11.127 Loaded shared library C:\Users\User\.qoder\extensions\redhat.java-1.56.0-win32-x64\jre\21.0.12.1-win32-x86_64\bin\sunmscapi.dll
Event: 11.765 Attempting to load shared library C:\Users\User\.qoder\extensions\redhat.java-1.56.0-win32-x64\jre\21.0.12.1-win32-x86_64\bin\extnet.dll
Event: 11.768 Loaded shared library C:\Users\User\.qoder\extensions\redhat.java-1.56.0-win32-x64\jre\21.0.12.1-win32-x86_64\bin\extnet.dll

Deoptimization events (20 events):
Event: 1244.080 Thread 0x000001a49f7d49b0 DEOPT PACKING pc=0x000001a43e679cf8 sp=0x0000004c396fe3a0
Event: 1244.080 Thread 0x000001a49f7d49b0 DEOPT UNPACKING pc=0x000001a43cfd6da2 sp=0x0000004c396fe348 mode 2
Event: 1244.089 Thread 0x000001a49f7d49b0 DEOPT PACKING pc=0x000001a437e94741 sp=0x0000004c396fda70
Event: 1244.089 Thread 0x000001a49f7d49b0 DEOPT UNPACKING pc=0x000001a43cfd78e2 sp=0x0000004c396fcf00 mode 0
Event: 1244.098 Thread 0x000001a49f7d49b0 Uncommon trap: trap_request=0xffffff45 fr.pc=0x000001a43e06305c relative=0x0000000000005cbc
Event: 1244.098 Thread 0x000001a49f7d49b0 Uncommon trap: reason=unstable_if action=reinterpret pc=0x000001a43e06305c method=org.eclipse.jdt.internal.compiler.lookup.AnnotatableTypeSystem.haveTypeAnnotations(Lorg/eclipse/jdt/internal/compiler/lookup/TypeBinding;Lorg/eclipse/jdt/internal/compiler/l
Event: 1244.098 Thread 0x000001a49f7d49b0 DEOPT PACKING pc=0x000001a43e06305c sp=0x0000004c396fbf40
Event: 1244.098 Thread 0x000001a49f7d49b0 DEOPT UNPACKING pc=0x000001a43cfd6da2 sp=0x0000004c396fbf18 mode 2
Event: 1244.098 Thread 0x000001a49f7d49b0 Uncommon trap: trap_request=0xffffff45 fr.pc=0x000001a43e1293a0 relative=0x00000000000006c0
Event: 1244.098 Thread 0x000001a49f7d49b0 Uncommon trap: reason=unstable_if action=reinterpret pc=0x000001a43e1293a0 method=org.eclipse.jdt.internal.compiler.lookup.LookupEnvironment.annotateType(Lorg/eclipse/jdt/internal/compiler/lookup/TypeBinding;Lorg/eclipse/jdt/internal/compiler/env/ITypeAnn
Event: 1244.098 Thread 0x000001a49f7d49b0 DEOPT PACKING pc=0x000001a43e1293a0 sp=0x0000004c396fc000
Event: 1244.098 Thread 0x000001a49f7d49b0 DEOPT UNPACKING pc=0x000001a43cfd6da2 sp=0x0000004c396fbfa0 mode 2
Event: 1244.100 Thread 0x000001a49f7d49b0 Uncommon trap: trap_request=0xffffffde fr.pc=0x000001a43e6820f0 relative=0x0000000000001570
Event: 1244.100 Thread 0x000001a49f7d49b0 Uncommon trap: reason=class_check action=maybe_recompile pc=0x000001a43e6820f0 method=org.eclipse.jdt.internal.compiler.ast.ASTNode.checkInvocationArguments(Lorg/eclipse/jdt/internal/compiler/lookup/BlockScope;Lorg/eclipse/jdt/internal/compiler/ast/Expres
Event: 1244.100 Thread 0x000001a49f7d49b0 DEOPT PACKING pc=0x000001a43e6820f0 sp=0x0000004c396fe280
Event: 1244.100 Thread 0x000001a49f7d49b0 DEOPT UNPACKING pc=0x000001a43cfd6da2 sp=0x0000004c396fe1e8 mode 2
Event: 1244.100 Thread 0x000001a49f7d49b0 Uncommon trap: trap_request=0xffffff45 fr.pc=0x000001a43e6f67c4 relative=0x0000000000000184
Event: 1244.100 Thread 0x000001a49f7d49b0 Uncommon trap: reason=unstable_if action=reinterpret pc=0x000001a43e6f67c4 method=lombok.eclipse.EclipseAST.rebuild(Z)V @ 30 c2
Event: 1244.100 Thread 0x000001a49f7d49b0 DEOPT PACKING pc=0x000001a43e6f67c4 sp=0x0000004c396fdf40
Event: 1244.100 Thread 0x000001a49f7d49b0 DEOPT UNPACKING pc=0x000001a43cfd6da2 sp=0x0000004c396fdec0 mode 2

Classes loaded (20 events):
Event: 624.752 Loading class com/sun/org/apache/xerces/internal/xni/parser/XMLParseException
Event: 624.752 Loading class com/sun/org/apache/xerces/internal/xni/parser/XMLParseException done
Event: 624.824 Loading class java/util/stream/ReduceOps$5
Event: 624.824 Loading class java/util/stream/ReduceOps$5 done
Event: 624.825 Loading class java/util/stream/ReduceOps$CountingSink$OfRef
Event: 624.827 Loading class java/util/stream/ReduceOps$CountingSink
Event: 624.827 Loading class java/util/stream/ReduceOps$CountingSink done
Event: 624.827 Loading class java/util/stream/ReduceOps$CountingSink$OfRef done
Event: 625.063 Loading class jdk/internal/module/IllegalAccessLogger
Event: 625.063 Loading class jdk/internal/module/IllegalAccessLogger done
Event: 649.282 Loading class jdk/internal/module/IllegalAccessLogger
Event: 649.282 Loading class jdk/internal/module/IllegalAccessLogger done
Event: 1211.877 Loading class java/util/regex/Pattern$Behind
Event: 1211.878 Loading class java/util/regex/Pattern$Behind done
Event: 1211.878 Loading class java/util/regex/Pattern$Neg
Event: 1211.878 Loading class java/util/regex/Pattern$Neg done
Event: 1212.159 Loading class jdk/internal/module/IllegalAccessLogger
Event: 1212.159 Loading class jdk/internal/module/IllegalAccessLogger done
Event: 1213.564 Loading class jdk/internal/module/IllegalAccessLogger
Event: 1213.564 Loading class jdk/internal/module/IllegalAccessLogger done

Classes unloaded (9 events):
Event: 9.775 Thread 0x000001a4327c35f0 Unloading class 0x000001a44b1b4800 'java/lang/invoke/LambdaForm$MH+0x000001a44b1b4800'
Event: 9.775 Thread 0x000001a4327c35f0 Unloading class 0x000001a44b1b4400 'java/lang/invoke/LambdaForm$MH+0x000001a44b1b4400'
Event: 9.775 Thread 0x000001a4327c35f0 Unloading class 0x000001a44b1b4000 'java/lang/invoke/LambdaForm$MH+0x000001a44b1b4000'
Event: 9.775 Thread 0x000001a4327c35f0 Unloading class 0x000001a44b1b3c00 'java/lang/invoke/LambdaForm$MH+0x000001a44b1b3c00'
Event: 9.775 Thread 0x000001a4327c35f0 Unloading class 0x000001a44b1b3800 'java/lang/invoke/LambdaForm$BMH+0x000001a44b1b3800'
Event: 9.775 Thread 0x000001a4327c35f0 Unloading class 0x000001a44b1b3400 'java/lang/invoke/LambdaForm$DMH+0x000001a44b1b3400'
Event: 9.775 Thread 0x000001a4327c35f0 Unloading class 0x000001a44b1b2000 'java/lang/invoke/LambdaForm$DMH+0x000001a44b1b2000'
Event: 25.746 Thread 0x000001a4327c35f0 Unloading class 0x000001a44b670c00 'java/lang/invoke/LambdaForm$DMH+0x000001a44b670c00'
Event: 25.746 Thread 0x000001a4327c35f0 Unloading class 0x000001a44b670800 'java/lang/invoke/LambdaForm$DMH+0x000001a44b670800'

Classes redefined (0 events):
No events

Internal exceptions (20 events):
Event: 246.832 Thread 0x000001a492656810 Implicit null exception at 0x000001a43dc91d21 to 0x000001a43dc9378c
Event: 335.779 Thread 0x000001a4908b1860 Exception <a 'sun/nio/fs/WindowsException'{0x00000000d5828918}> (0x00000000d5828918) 
thrown [s\src\hotspot\share\prims\jni.cpp, line 520]
Event: 335.779 Thread 0x000001a4908b1860 Exception <a 'sun/nio/fs/WindowsException'{0x00000000d58291f8}> (0x00000000d58291f8) 
thrown [s\src\hotspot\share\prims\jni.cpp, line 520]
Event: 624.721 Thread 0x000001a4908b32a0 Implicit null exception at 0x000001a43d73b377 to 0x000001a43d73d0c8
Event: 624.730 Thread 0x000001a4908b32a0 Exception <a 'sun/nio/fs/WindowsException'{0x00000000d586b320}> (0x00000000d586b320) 
thrown [s\src\hotspot\share\prims\jni.cpp, line 520]
Event: 624.971 Thread 0x000001a4908b32a0 Exception <a 'sun/nio/fs/WindowsException'{0x00000000d55e1088}> (0x00000000d55e1088) 
thrown [s\src\hotspot\share\prims\jni.cpp, line 520]
Event: 625.863 Thread 0x000001a49f7d2f70 Exception <a 'java/lang/NoSuchMethodError'{0x00000000d5838090}: 'void java.lang.invoke.DirectMethodHandle$Holder.invokeVirtual(java.lang.Object, java.lang.Object, java.lang.Object, java.lang.Object, java.lang.Object)'> (0x00000000d5838090) 
thrown [s\src\hotspot\share\interpreter\linkResolver.cpp, line 773]
Event: 625.971 Thread 0x000001a4908b1860 Exception <a 'java/lang/NoSuchMethodError'{0x00000000d59fcde8}: 'int java.lang.invoke.DirectMethodHandle$Holder.invokeStatic(java.lang.Object, java.lang.Object, java.lang.Object, java.lang.Object, java.lang.Object, java.lang.Object)'> (0x00000000d59fcde8) 
thrown [s\src\hotspot\share\interpreter\linkResolver.cpp, line 773]
Event: 626.079 Thread 0x000001a4908b32a0 Exception <a 'sun/nio/fs/WindowsException'{0x00000000d5930bf0}> (0x00000000d5930bf0) 
thrown [s\src\hotspot\share\prims\jni.cpp, line 520]
Event: 626.400 Thread 0x000001a4908b32a0 Exception <a 'sun/nio/fs/WindowsException'{0x00000000d56dee28}> (0x00000000d56dee28) 
thrown [s\src\hotspot\share\prims\jni.cpp, line 520]
Event: 649.105 Thread 0x000001a4908b32a0 Exception <a 'sun/nio/fs/WindowsException'{0x00000000d568fac8}> (0x00000000d568fac8) 
thrown [s\src\hotspot\share\prims\jni.cpp, line 520]
Event: 649.456 Thread 0x000001a4908b32a0 Exception <a 'sun/nio/fs/WindowsException'{0x00000000d5957080}> (0x00000000d5957080) 
thrown [s\src\hotspot\share\prims\jni.cpp, line 520]
Event: 924.764 Thread 0x000001a4327df2c0 Exception <a 'sun/nio/fs/WindowsException'{0x00000000d5772610}> (0x00000000d5772610) 
thrown [s\src\hotspot\share\prims\jni.cpp, line 520]
Event: 924.764 Thread 0x000001a4327df2c0 Exception <a 'sun/nio/fs/WindowsException'{0x00000000d5773150}> (0x00000000d5773150) 
thrown [s\src\hotspot\share\prims\jni.cpp, line 520]
Event: 1211.800 Thread 0x000001a4926588e0 Exception <a 'java/lang/IncompatibleClassChangeError'{0x00000000d592fc00}: Found class java.lang.Object, but interface was expected> (0x00000000d592fc00) 
thrown [s\src\hotspot\share\interpreter\linkResolver.cpp, line 840]
Event: 1211.800 Thread 0x000001a4926588e0 Exception <a 'java/lang/IncompatibleClassChangeError'{0x00000000d5933aa8}: Found class java.lang.Object, but interface was expected> (0x00000000d5933aa8) 
thrown [s\src\hotspot\share\interpreter\linkResolver.cpp, line 840]
Event: 1211.827 Thread 0x000001a4926588e0 Exception <a 'java/lang/IncompatibleClassChangeError'{0x00000000d5a4c0e0}: Found class java.lang.Object, but interface was expected> (0x00000000d5a4c0e0) 
thrown [s\src\hotspot\share\interpreter\linkResolver.cpp, line 840]
Event: 1211.833 Thread 0x000001a49f7d49b0 Exception <a 'java/lang/NoSuchMethodError'{0x00000000d5a81408}: 'void java.lang.invoke.DirectMethodHandle$Holder.invokeSpecial(java.lang.Object, java.lang.Object, int)'> (0x00000000d5a81408) 
thrown [s\src\hotspot\share\interpreter\linkResolver.cpp, line 773]
Event: 1211.933 Thread 0x000001a4908b32a0 Exception <a 'sun/nio/fs/WindowsException'{0x00000000d5868bd0}> (0x00000000d5868bd0) 
thrown [s\src\hotspot\share\prims\jni.cpp, line 520]
Event: 1212.179 Thread 0x000001a4908b32a0 Exception <a 'sun/nio/fs/WindowsException'{0x00000000d5771c60}> (0x00000000d5771c60) 
thrown [s\src\hotspot\share\prims\jni.cpp, line 520]

ZGC Phase Switch (0 events):
No events

VM Operations (20 events):
Event: 1244.006 Executing non-safepoint VM operation: HandshakeAllThreads (Deoptimize)
Event: 1244.006 Executing non-safepoint VM operation: HandshakeAllThreads (Deoptimize) done
Event: 1244.026 Executing safepoint VM operation: ParallelGCFailedAllocation (Allocation Failure)
Event: 1244.029 Executing safepoint VM operation: ParallelGCFailedAllocation (Allocation Failure) done
Event: 1244.047 Executing safepoint VM operation: ParallelGCFailedAllocation (Allocation Failure)
Event: 1244.050 Executing safepoint VM operation: ParallelGCFailedAllocation (Allocation Failure) done
Event: 1244.071 Executing non-safepoint VM operation: HandshakeAllThreads (Deoptimize)
Event: 1244.072 Executing non-safepoint VM operation: HandshakeAllThreads (Deoptimize) done
Event: 1244.074 Executing safepoint VM operation: ParallelGCFailedAllocation (Allocation Failure)
Event: 1244.079 Executing safepoint VM operation: ParallelGCFailedAllocation (Allocation Failure) done
Event: 1244.084 Executing safepoint VM operation: ParallelGCFailedAllocation (Allocation Failure)
Event: 1244.088 Executing safepoint VM operation: ParallelGCFailedAllocation (Allocation Failure) done
Event: 1244.092 Executing safepoint VM operation: ParallelGCFailedAllocation (Allocation Failure)
Event: 1244.094 Executing safepoint VM operation: ParallelGCFailedAllocation (Allocation Failure) done
Event: 1245.102 Executing safepoint VM operation: Cleanup
Event: 1245.102 Executing safepoint VM operation: Cleanup done
Event: 1262.884 Executing non-safepoint VM operation: HandshakeAllThreads (HandshakeForDeflation)
Event: 1262.885 Executing non-safepoint VM operation: HandshakeAllThreads (HandshakeForDeflation) done
Event: 1262.885 Executing non-safepoint VM operation: RendezvousGCThreads
Event: 1262.885 Executing non-safepoint VM operation: RendezvousGCThreads done

Memory protections (0 events):
No events

Nmethod flushes (20 events):
Event: 54.412 Thread 0x000001a4327c35f0 flushing  nmethod 0x000001a436d26310
Event: 54.412 Thread 0x000001a4327c35f0 flushing  nmethod 0x000001a436d4df10
Event: 54.412 Thread 0x000001a4327c35f0 flushing  nmethod 0x000001a436d71490
Event: 54.412 Thread 0x000001a4327c35f0 flushing  nmethod 0x000001a436d9c210
Event: 54.412 Thread 0x000001a4327c35f0 flushing  nmethod 0x000001a436d9d110
Event: 54.412 Thread 0x000001a4327c35f0 flushing  nmethod 0x000001a436db9f90
Event: 54.412 Thread 0x000001a4327c35f0 flushing  nmethod 0x000001a436dbb290
Event: 54.412 Thread 0x000001a4327c35f0 flushing  nmethod 0x000001a436dbc310
Event: 54.412 Thread 0x000001a4327c35f0 flushing  nmethod 0x000001a436dbd610
Event: 54.412 Thread 0x000001a4327c35f0 flushing  nmethod 0x000001a436dc1290
Event: 54.412 Thread 0x000001a4327c35f0 flushing  nmethod 0x000001a436dc2610
Event: 54.412 Thread 0x000001a4327c35f0 flushing  nmethod 0x000001a436dc7390
Event: 54.412 Thread 0x000001a4327c35f0 flushing  nmethod 0x000001a436df0d10
Event: 54.412 Thread 0x000001a4327c35f0 flushing  nmethod 0x000001a436e35790
Event: 54.412 Thread 0x000001a4327c35f0 flushing  nmethod 0x000001a436e35c10
Event: 54.412 Thread 0x000001a4327c35f0 flushing  nmethod 0x000001a436e36810
Event: 54.412 Thread 0x000001a4327c35f0 flushing  nmethod 0x000001a436e4de90
Event: 54.412 Thread 0x000001a4327c35f0 flushing  nmethod 0x000001a436e62e90
Event: 54.412 Thread 0x000001a4327c35f0 flushing  nmethod 0x000001a436e88110
Event: 54.412 Thread 0x000001a4327c35f0 flushing  nmethod 0x000001a436eb7590

Events (20 events):
Event: 1211.967 Thread 0x000001a48bac13b0 Thread added: 0x000001a490de36c0
Event: 1212.113 Thread 0x000001a49f7d63f0 Thread added: 0x000001a49f7d56d0
Event: 1212.138 Thread 0x000001a490de36c0 Thread exited: 0x000001a490de36c0
Event: 1212.160 Thread 0x000001a49f7d63f0 Thread added: 0x000001a49f7d5d60
Event: 1212.163 Thread 0x000001a48bac13b0 Thread added: 0x000001a490de36c0
Event: 1212.180 Thread 0x000001a4327df2c0 Thread added: 0x000001a49f7d6a80
Event: 1212.422 Thread 0x000001a48bac13b0 Thread added: 0x000001a490de0040
Event: 1212.683 Thread 0x000001a490de0040 Thread exited: 0x000001a490de0040
Event: 1212.683 Thread 0x000001a490de36c0 Thread exited: 0x000001a490de36c0
Event: 1213.325 Thread 0x000001a4327df2c0 Thread added: 0x000001a49f7d3600
Event: 1213.397 Thread 0x000001a48bac13b0 Thread added: 0x000001a490de36c0
Event: 1213.569 Thread 0x000001a490de36c0 Thread exited: 0x000001a490de36c0
Event: 1214.084 Thread 0x000001a4327f4180 Thread added: 0x000001a490de36c0
Event: 1214.211 Thread 0x000001a490de36c0 Thread exited: 0x000001a490de36c0
Event: 1214.309 Thread 0x000001a48bac13b0 Thread added: 0x000001a490de36c0
Event: 1222.020 Thread 0x000001a490de36c0 Thread exited: 0x000001a490de36c0
Event: 1243.974 Thread 0x000001a49f7d49b0 Thread added: 0x000001a49f7d9f00
Event: 1273.636 Thread 0x000001a49f7d5d60 Thread exited: 0x000001a49f7d5d60
Event: 1274.218 Thread 0x000001a4327df2c0 Thread exited: 0x000001a4327df2c0
Event: 1304.108 Thread 0x000001a49f7d49b0 Thread exited: 0x000001a49f7d49b0


Dynamic libraries:
0x00007ff7c6170000 - 0x00007ff7c617e000 	c:\Users\User\.qoder\extensions\redhat.java-1.56.0-win32-x64\jre\21.0.12.1-win32-x86_64\bin\java.exe
0x00007ffc86780000 - 0x00007ffc869e7000 	C:\WINDOWS\SYSTEM32\ntdll.dll
0x00007ffc847b0000 - 0x00007ffc8487b000 	C:\WINDOWS\System32\KERNEL32.DLL
0x00007ffc83b40000 - 0x00007ffc83f42000 	C:\WINDOWS\System32\KERNELBASE.dll
0x00007ffc80160000 - 0x00007ffc801ff000 	C:\WINDOWS\SYSTEM32\apphelp.dll
0x00007ffc83f50000 - 0x00007ffc8409c000 	C:\WINDOWS\System32\ucrtbase.dll
0x00007ffc7e110000 - 0x00007ffc7e12e000 	c:\Users\User\.qoder\extensions\redhat.java-1.56.0-win32-x64\jre\21.0.12.1-win32-x86_64\bin\VCRUNTIME140.dll
0x00007ffc69af0000 - 0x00007ffc69b08000 	c:\Users\User\.qoder\extensions\redhat.java-1.56.0-win32-x64\jre\21.0.12.1-win32-x86_64\bin\jli.dll
0x00007ffc85c40000 - 0x00007ffc85e0f000 	C:\WINDOWS\System32\USER32.dll
0x00007ffc684c0000 - 0x00007ffc68750000 	C:\WINDOWS\WinSxS\amd64_microsoft.windows.common-controls_6595b64144ccf1df_6.0.26100.9278_none_3e0d1ba8e3303201\COMCTL32.dll
0x00007ffc84160000 - 0x00007ffc84187000 	C:\WINDOWS\System32\win32u.dll
0x00007ffc84470000 - 0x00007ffc84519000 	C:\WINDOWS\System32\msvcrt.dll
0x00007ffc84550000 - 0x00007ffc8457b000 	C:\WINDOWS\System32\GDI32.dll
0x00007ffc83950000 - 0x00007ffc83a79000 	C:\WINDOWS\System32\gdi32full.dll
0x00007ffc840b0000 - 0x00007ffc84153000 	C:\WINDOWS\System32\msvcp_win.dll
0x00007ffc84770000 - 0x00007ffc847a1000 	C:\WINDOWS\System32\IMM32.DLL
0x00007ffc7e170000 - 0x00007ffc7e17c000 	c:\Users\User\.qoder\extensions\redhat.java-1.56.0-win32-x64\jre\21.0.12.1-win32-x86_64\bin\vcruntime140_1.dll
0x00007ffc050b0000 - 0x00007ffc0513d000 	c:\Users\User\.qoder\extensions\redhat.java-1.56.0-win32-x64\jre\21.0.12.1-win32-x86_64\bin\msvcp140.dll
0x00007ffb81980000 - 0x00007ffb82722000 	c:\Users\User\.qoder\extensions\redhat.java-1.56.0-win32-x64\jre\21.0.12.1-win32-x86_64\bin\server\jvm.dll
0x00007ffc860d0000 - 0x00007ffc8618c000 	C:\WINDOWS\System32\ADVAPI32.dll
0x00007ffc849a0000 - 0x00007ffc84a49000 	C:\WINDOWS\System32\sechost.dll
0x00007ffc85f30000 - 0x00007ffc86048000 	C:\WINDOWS\System32\RPCRT4.dll
0x00007ffc84580000 - 0x00007ffc84600000 	C:\WINDOWS\System32\WS2_32.dll
0x00007ffc837b0000 - 0x00007ffc8380e000 	C:\WINDOWS\SYSTEM32\POWRPROF.dll
0x00007ffc6dee0000 - 0x00007ffc6df16000 	C:\WINDOWS\SYSTEM32\WINMM.dll
0x00007ffc726b0000 - 0x00007ffc726bb000 	C:\WINDOWS\SYSTEM32\VERSION.dll
0x00007ffc83790000 - 0x00007ffc837a5000 	C:\WINDOWS\SYSTEM32\UMPDC.dll
0x00007ffc82620000 - 0x00007ffc8263b000 	C:\WINDOWS\SYSTEM32\kernel.appcore.dll
0x00007ffc6b180000 - 0x00007ffc6b18a000 	c:\Users\User\.qoder\extensions\redhat.java-1.56.0-win32-x64\jre\21.0.12.1-win32-x86_64\bin\jimage.dll
0x00007ffc80640000 - 0x00007ffc8088c000 	C:\WINDOWS\SYSTEM32\DBGHELP.DLL
0x00007ffc86380000 - 0x00007ffc86705000 	C:\WINDOWS\System32\combase.dll
0x00007ffc84df0000 - 0x00007ffc84ec9000 	C:\WINDOWS\System32\OLEAUT32.dll
0x00007ffc64240000 - 0x00007ffc6427b000 	C:\WINDOWS\SYSTEM32\dbgcore.DLL
0x00007ffc83a80000 - 0x00007ffc83b2c000 	C:\WINDOWS\System32\bcryptPrimitives.dll
0x00007ffc6a390000 - 0x00007ffc6a39f000 	c:\Users\User\.qoder\extensions\redhat.java-1.56.0-win32-x64\jre\21.0.12.1-win32-x86_64\bin\instrument.dll
0x00007ffc674c0000 - 0x00007ffc674e0000 	c:\Users\User\.qoder\extensions\redhat.java-1.56.0-win32-x64\jre\21.0.12.1-win32-x86_64\bin\java.dll
0x00007ffc85490000 - 0x00007ffc85c28000 	C:\WINDOWS\System32\SHELL32.dll
0x00007ffc81390000 - 0x00007ffc81c3e000 	C:\WINDOWS\SYSTEM32\windows.storage.dll
0x00007ffc84880000 - 0x00007ffc8497b000 	C:\WINDOWS\System32\SHCORE.dll
0x00007ffc84ed0000 - 0x00007ffc84f36000 	C:\WINDOWS\System32\shlwapi.dll
0x00007ffc83870000 - 0x00007ffc83899000 	C:\WINDOWS\SYSTEM32\profapi.dll
0x00007ffc44250000 - 0x00007ffc44268000 	c:\Users\User\.qoder\extensions\redhat.java-1.56.0-win32-x64\jre\21.0.12.1-win32-x86_64\bin\zip.dll
0x00007ffc69aa0000 - 0x00007ffc69ab0000 	C:\Users\User\.qoder\extensions\redhat.java-1.56.0-win32-x64\jre\21.0.12.1-win32-x86_64\bin\net.dll
0x00007ffc74540000 - 0x00007ffc7466a000 	C:\WINDOWS\SYSTEM32\WINHTTP.dll
0x00007ffc82be0000 - 0x00007ffc82c4c000 	C:\WINDOWS\system32\mswsock.dll
0x00007ffc441f0000 - 0x00007ffc44206000 	C:\Users\User\.qoder\extensions\redhat.java-1.56.0-win32-x64\jre\21.0.12.1-win32-x86_64\bin\nio.dll
0x00007ffc68340000 - 0x00007ffc68350000 	c:\Users\User\.qoder\extensions\redhat.java-1.56.0-win32-x64\jre\21.0.12.1-win32-x86_64\bin\verify.dll
0x00007ffc04ed0000 - 0x00007ffc04f15000 	C:\Users\User\AppData\Roaming\Qoder\User\globalStorage\redhat.java\1.56.0\config_win\org.eclipse.equinox.launcher\org.eclipse.equinox.launcher.win32.win32.x86_64_1.3.100.v20260804-1928\eclipse_11924.dll
0x00007ffc84aa0000 - 0x00007ffc84c3a000 	C:\WINDOWS\System32\ole32.dll
0x00007ffc660f0000 - 0x00007ffc660fa000 	C:\Users\User\.qoder\extensions\redhat.java-1.56.0-win32-x64\jre\21.0.12.1-win32-x86_64\bin\management.dll
0x00007ffc5a180000 - 0x00007ffc5a18c000 	C:\Users\User\.qoder\extensions\redhat.java-1.56.0-win32-x64\jre\21.0.12.1-win32-x86_64\bin\management_ext.dll
0x00007ffc85c30000 - 0x00007ffc85c38000 	C:\WINDOWS\System32\PSAPI.DLL
0x00007ffc82ed0000 - 0x00007ffc82eeb000 	C:\WINDOWS\SYSTEM32\CRYPTSP.dll
0x00007ffc82580000 - 0x00007ffc825b9000 	C:\WINDOWS\system32\rsaenh.dll
0x00007ffc82c90000 - 0x00007ffc82cc4000 	C:\WINDOWS\SYSTEM32\USERENV.dll
0x00007ffc83840000 - 0x00007ffc8386a000 	C:\WINDOWS\SYSTEM32\bcrypt.dll
0x00007ffc82ef0000 - 0x00007ffc82efc000 	C:\WINDOWS\SYSTEM32\CRYPTBASE.dll
0x00007ffc82080000 - 0x00007ffc820b3000 	C:\WINDOWS\SYSTEM32\IPHLPAPI.DLL
0x00007ffc84540000 - 0x00007ffc8454a000 	C:\WINDOWS\System32\NSI.dll
0x00007ffc04e30000 - 0x00007ffc04e79000 	C:\Users\User\AppData\Local\Temp\jna-2645995\jna16887514979564653787.dll
0x00007ffc7d610000 - 0x00007ffc7d62d000 	C:\WINDOWS\SYSTEM32\dhcpcsvc6.DLL
0x00007ffc7d5e0000 - 0x00007ffc7d605000 	C:\WINDOWS\SYSTEM32\dhcpcsvc.DLL
0x00007ffc5a0e0000 - 0x00007ffc5a0ee000 	C:\Users\User\.qoder\extensions\redhat.java-1.56.0-win32-x64\jre\21.0.12.1-win32-x86_64\bin\sunmscapi.dll
0x00007ffc842e0000 - 0x00007ffc8445e000 	C:\WINDOWS\System32\CRYPT32.dll
0x00007ffc83110000 - 0x00007ffc83140000 	C:\WINDOWS\SYSTEM32\ncrypt.dll
0x00007ffc830c0000 - 0x00007ffc830ff000 	C:\WINDOWS\SYSTEM32\NTASN1.dll
0x00007ffc82160000 - 0x00007ffc822b8000 	C:\WINDOWS\SYSTEM32\DNSAPI.dll
0x00007ffc829c0000 - 0x00007ffc829cd000 	C:\WINDOWS\SYSTEM32\DSPARSE.dll
0x00007ffc78790000 - 0x00007ffc7879b000 	C:\Windows\System32\rasadhlp.dll
0x00007ffc7da00000 - 0x00007ffc7da86000 	C:\WINDOWS\System32\fwpuclnt.dll
0x00007ffc44240000 - 0x00007ffc44249000 	C:\Users\User\.qoder\extensions\redhat.java-1.56.0-win32-x64\jre\21.0.12.1-win32-x86_64\bin\extnet.dll

JVMTI agents:
c:\Users\User\.qoder\extensions\redhat.java-1.56.0-win32-x64\lombok\lombok-1.18.39-4050.jar path:c:\Users\User\.qoder\extensions\redhat.java-1.56.0-win32-x64\jre\21.0.12.1-win32-x86_64\bin\instrument.dll, loaded, initialized, instrumentlib options:none

dbghelp: loaded successfully - version: 4.0.5 - missing functions: none
symbol engine: initialized successfully - sym options: 0x614 - pdb path: .;c:\Users\User\.qoder\extensions\redhat.java-1.56.0-win32-x64\jre\21.0.12.1-win32-x86_64\bin;C:\WINDOWS\SYSTEM32;C:\WINDOWS\WinSxS\amd64_microsoft.windows.common-controls_6595b64144ccf1df_6.0.26100.9278_none_3e0d1ba8e3303201;c:\Users\User\.qoder\extensions\redhat.java-1.56.0-win32-x64\jre\21.0.12.1-win32-x86_64\bin\server;C:\Users\User\AppData\Roaming\Qoder\User\globalStorage\redhat.java\1.56.0\config_win\org.eclipse.equinox.launcher\org.eclipse.equinox.launcher.win32.win32.x86_64_1.3.100.v20260804-1928;C:\Users\User\AppData\Local\Temp\jna-2645995

VM Arguments:
jvm_args: --add-modules=ALL-SYSTEM --add-opens=java.base/java.util=ALL-UNNAMED --add-opens=java.base/java.lang=ALL-UNNAMED --add-opens=java.base/sun.nio.fs=ALL-UNNAMED -Declipse.application=org.eclipse.jdt.ls.core.id1 -Dosgi.bundles.defaultStartLevel=4 -Declipse.product=org.eclipse.jdt.ls.core.product -Djava.import.generatesMetadataFilesAtProjectRoot=false -Dm2e.project.cache.size=50 -DDetectVMInstallationsJob.disabled=true -Dfile.encoding=utf8 -XX:+UseParallelGC -XX:GCTimeRatio=4 -XX:AdaptiveSizePolicyWeight=90 -Dsun.zip.disableMemoryMapping=true -Xmx2G -Xms100m -Xlog:disable -javaagent:c:\Users\User\.qoder\extensions\redhat.java-1.56.0-win32-x64\lombok\lombok-1.18.39-4050.jar -XX:+HeapDumpOnOutOfMemoryError -XX:HeapDumpPath=c:\Users\User\AppData\Roaming\Qoder\User\workspaceStorage\2136598035e2ac88126f5a9f8d0b0f6f\redhat.java -Daether.dependencyCollector.impl=bf 
java_command: c:\Users\User\.qoder\extensions\redhat.java-1.56.0-win32-x64\server\plugins\org.eclipse.equinox.launcher_1.8.0.v20260804-1928.jar -configuration c:\Users\User\AppData\Roaming\Qoder\User\globalStorage\redhat.java\1.56.0\config_win -data c:\Users\User\AppData\Roaming\Qoder\User\workspaceStorage\2136598035e2ac88126f5a9f8d0b0f6f\redhat.java\jdt_ws --pipe=\\.\pipe\lsp-d846624baabaf6b93a378519ee71f2c9-sock
java_class_path (initial): c:\Users\User\.qoder\extensions\redhat.java-1.56.0-win32-x64\server\plugins\org.eclipse.equinox.launcher_1.8.0.v20260804-1928.jar
Launcher Type: SUN_STANDARD

[Global flags]
    uintx AdaptiveSizePolicyWeight                 = 90                                        {product} {command line}
     intx CICompilerCount                          = 4                                         {product} {ergonomic}
    uintx GCTimeRatio                              = 4                                         {product} {command line}
     bool HeapDumpOnOutOfMemoryError               = true                                   {manageable} {command line}
    ccstr HeapDumpPath                             = c:\Users\User\AppData\Roaming\Qoder\User\workspaceStorage\2136598035e2ac88126f5a9f8d0b0f6f\redhat.java         {manageable} {command line}
   size_t InitialHeapSize                          = 104857600                                 {product} {command line}
   size_t MaxHeapSize                              = 2147483648                                {product} {command line}
   size_t MaxNewSize                               = 715653120                                 {product} {ergonomic}
   size_t MinHeapDeltaBytes                        = 524288                                    {product} {ergonomic}
   size_t MinHeapSize                              = 104857600                                 {product} {command line}
   size_t NewSize                                  = 34603008                                  {product} {ergonomic}
    uintx NonNMethodCodeHeapSize                   = 5839372                                {pd product} {ergonomic}
    uintx NonProfiledCodeHeapSize                  = 122909434                              {pd product} {ergonomic}
   size_t OldSize                                  = 70254592                                  {product} {ergonomic}
    uintx ProfiledCodeHeapSize                     = 122909434                              {pd product} {ergonomic}
    uintx ReservedCodeCacheSize                    = 251658240                              {pd product} {ergonomic}
     bool SegmentedCodeCache                       = true                                      {product} {ergonomic}
   size_t SoftMaxHeapSize                          = 2147483648                             {manageable} {ergonomic}
     bool UseCompressedOops                        = true                           {product lp64_product} {ergonomic}
     bool UseLargePagesIndividualAllocation        = false                                  {pd product} {ergonomic}
     bool UseParallelGC                            = true                                      {product} {command line}

Logging:
Log output configuration:
 #0: stdout all=off uptime,level,tags foldmultilines=false
 #1: stderr all=off uptime,level,tags foldmultilines=false

Release file:
JAVA_VERSION="21.0.12.1" 
MODULES="java.base java.compiler java.datatransfer java.xml java.prefs java.desktop java.instrument java.logging java.management java.security.sasl java.naming java.rmi java.management.rmi java.net.http java.scripting java.security.jgss java.transaction.xa java.sql java.sql.rowset java.xml.crypto java.se java.smartcardio jdk.accessibility jdk.internal.jvmstat jdk.attach jdk.charsets jdk.internal.opt jdk.zipfs jdk.compiler jdk.crypto.ec jdk.crypto.cryptoki jdk.crypto.mscapi jdk.dynalink jdk.internal.ed jdk.editpad jdk.hotspot.agent jdk.httpserver jdk.internal.le jdk.internal.vm.ci jdk.internal.vm.compiler jdk.internal.vm.compiler.management jdk.jartool jdk.javadoc jdk.jcmd jdk.management jdk.management.agent jdk.jconsole jdk.jdeps jdk.jdwp.agent jdk.jdi jdk.jfr jdk.jshell jdk.jsobject jdk.jstatd jdk.localedata jdk.management.jfr jdk.naming.dns jdk.naming.rmi jdk.net jdk.nio.mapmode jdk.random jdk.sctp jdk.security.auth jdk.security.jgss jdk.unsupported jdk.unsupported.desktop jdk.xml.dom" 

Environment Variables:
JAVA_HOME=C:\Users\User\.jdks\ms-21.0.8
PATH=C:\Program Files (x86)\Microsoft\Edge\Application;C:\WinAVR-20100110\bin;C:\WinAVR-20100110\utils\bin;C:\Windows\system32;C:\Windows;C:\Windows\System32\Wbem;C:\Windows\System32\WindowsPowerShell\v1.0\;C:\msys64\mingw64\bin;C:\Windows\System32\OpenSSH\;C:\Program Files (x86)\NVIDIA Corporation\PhysX\Common;C:\Program Files\NVIDIA Corporation\NVIDIA NvDLISR;C:\Program Files\MATLAB\R2018a\runtime\win64;C:\Program Files\MATLAB\R2018a\bin;C:\Program Files (x86)\dotnet\;C:\Program Files\dotnet\;C:\Program Files\Microsoft SQL Server\150\Tools\Binn\;C:\Program Files\Microsoft SQL Server\Client SDK\ODBC\170\Tools\Binn\;C:\WINDOWS\system32;C:\WINDOWS;C:\WINDOWS\System32\Wbem;C:\WINDOWS\System32\WindowsPowerShell\v1.0\;C:\WINDOWS\System32\OpenSSH\;C:\Program Files\Git\cmd;C:\flutter\bin;C:\xampp\php;C:\ProgramData\ComposerSetup\bin;C:\Program Files\MySQL\MySQL Server 8.0\bin;C:\Program Files\Docker\Docker\resources\bin;C:\Users\User\AppData\Local\Packages\PythonSoftwareFoundation.Python.3.13_qbz5n2kfra8p0\LocalCache\local-packages\Python313\Scripts;C:\Program Files\apache-maven-3.9.9\bin;C:\Users\User\.jdks\ms-21.0.8\bin;C:\Program Files\PostgreSQL\17\bin;C:\ProgramData\chocolatey\bin;C:\Program Files\nodejs\;C:\Strawberry\c\bin;C:\Strawberry\perl\site\bin;C:\Strawberry\perl\bin;C:\Program Files\MySQL\MySQL Shell 8.0\bin\;C:\Users\User\AppData\Local\Microsoft\WindowsApps;C:\Program Files\JetBrains\PyCharm Community Edition 2023.1\bin;;C:\Users\User\.dotnet\tools;C:\Users\User\AppData\Local\Programs\Microsoft VS Code\bin;C:\Program Files\JetBrains\IntelliJ IDEA 2025.1.2\bin;;C:\Users\User\AppData\Roaming\Composer\vendor\bin;C:\Users\User\AppData\Local\GitHubDesktop\bin;C:\Users\User\AppData\Local\Pub\Cache\bin;C:\Program Files\Ballerina\bin;C:\Users\User\AppData\Roaming\npm;D:\Antigravity\bin;C:\Users\User\AppData\Local\Programs\MiKTeX\miktex\bin\x64\;C:\Users\User\.local\bin;D:\Kingsoft\WPS Office\12.1.0.27458\clitool
USERNAME=User
OS=Windows_NT
PROCESSOR_IDENTIFIER=Intel64 Family 6 Model 140 Stepping 1, GenuineIntel
TMP=C:\Users\User\AppData\Local\Temp
TEMP=C:\Users\User\AppData\Local\Temp




Periodic native trim disabled

---------------  S Y S T E M  ---------------

OS:
 Windows 11 , 64 bit Build 26100 (10.0.26100.9444)
OS uptime: 2 days 5:59 hours
Hyper-V role detected

CPU: total 8 (initial active 8) (4 cores per cpu, 2 threads per core) family 6 model 140 stepping 1 microcode 0xa6, cx8, cmov, fxsr, ht, mmx, 3dnowpref, sse, sse2, sse3, ssse3, sse4.1, sse4.2, popcnt, lzcnt, tsc, tscinvbit, avx, avx2, aes, erms, clmul, bmi1, bmi2, adx, avx512f, avx512dq, avx512cd, avx512bw, avx512vl, sha, fma, vzeroupper, avx512_vpopcntdq, avx512_vpclmulqdq, avx512_vaes, avx512_vnni, clflush, clflushopt, clwb, avx512_vbmi2, avx512_vbmi, hv, rdtscp, rdpid, fsrm, gfni, avx512_bitalg, f16c, cet_ibt, cet_ss, avx512_ifma
Processor Information for the first 8 processors :
  Max Mhz: 2419, Current Mhz: 2419, Mhz Limit: 2419

Memory: 4k page, system-wide physical 16078M (130M free)
TotalPageFile size 23703M (AvailPageFile size 4M)
current process WorkingSet (physical memory assigned to process): 794M, peak: 1434M
current process commit charge ("private bytes"): 1396M, peak: 1404M

vm_info: OpenJDK 64-Bit Server VM (21.0.12.1+1-LTS) for windows-amd64 JRE (21.0.12.1+1-LTS), built on 2026-08-18T00:00:00Z by "admin" with MS VC++ 17.12 (VS2022)

END.
